{"tool":"pest","result":"passed","tests":5,"passed":5,"assertions":8,"duration_ms":481}
